  Camera.cpp
C:\Uni Modules\Year 4\Tools\ToolsProject\WOFFCEdit\Camera.cpp(95,15): warning C4244: 'initializing': conversion from 'double' to 'float', possible loss of data
C:\Uni Modules\Year 4\Tools\ToolsProject\WOFFCEdit\Camera.cpp(96,15): warning C4244: 'initializing': conversion from 'double' to 'float', possible loss of data
C:\Uni Modules\Year 4\Tools\ToolsProject\WOFFCEdit\Camera.cpp(121,17): warning C4244: '=': conversion from 'int' to 'float', possible loss of data
C:\Uni Modules\Year 4\Tools\ToolsProject\WOFFCEdit\Camera.cpp(122,17): warning C4244: '=': conversion from 'int' to 'float', possible loss of data
  ChunkObject.cpp
  Command.cpp
  CommandInterface.cpp
  CommandManager.cpp
  DeviceResources.cpp
  DisplayChunk.cpp
C:\Uni Modules\Year 4\Tools\ToolsProject\WOFFCEdit\DisplayChunk.cpp(14,50): warning C4305: '=': truncation from 'double' to 'float'
C:\Uni Modules\Year 4\Tools\ToolsProject\WOFFCEdit\DisplayChunk.cpp(15,49): warning C4244: '=': conversion from 'int' to 'float', possible loss of data
C:\Uni Modules\Year 4\Tools\ToolsProject\WOFFCEdit\DisplayChunk.cpp(73,39): warning C4267: '=': conversion from 'size_t' to 'int', possible loss of data
C:\Uni Modules\Year 4\Tools\ToolsProject\WOFFCEdit\DisplayChunk.cpp(74,185): warning C4244: 'argument': conversion from 'double' to 'float', possible loss of data
C:\Uni Modules\Year 4\Tools\ToolsProject\WOFFCEdit\DisplayChunk.cpp(74,81): warning C4244: 'argument': conversion from 'double' to 'float', possible loss of data
C:\Uni Modules\Year 4\Tools\ToolsProject\WOFFCEdit\DisplayChunk.cpp(94,10): warning C4996: 'fopen': This function or variable may be unsafe. Consider using fopen_s instead. To disable deprecation, use _CRT_SECURE_NO_WARNINGS. See online help for details.
C:\Uni Modules\Year 4\Tools\ToolsProject\WOFFCEdit\DisplayChunk.cpp(152,10): warning C4996: 'fopen': This function or variable may be unsafe. Consider using fopen_s instead. To disable deprecation, use _CRT_SECURE_NO_WARNINGS. See online help for details.
C:\Uni Modules\Year 4\Tools\ToolsProject\WOFFCEdit\DisplayChunk.cpp(174,39): warning C4267: '=': conversion from 'size_t' to 'int', possible loss of data
C:\Uni Modules\Year 4\Tools\ToolsProject\WOFFCEdit\DisplayChunk.cpp(189,30): warning C4101: 'index4': unreferenced local variable
C:\Uni Modules\Year 4\Tools\ToolsProject\WOFFCEdit\DisplayChunk.cpp(189,14): warning C4101: 'index2': unreferenced local variable
C:\Uni Modules\Year 4\Tools\ToolsProject\WOFFCEdit\DisplayChunk.cpp(189,22): warning C4101: 'index3': unreferenced local variable
C:\Uni Modules\Year 4\Tools\ToolsProject\WOFFCEdit\DisplayChunk.cpp(189,6): warning C4101: 'index1': unreferenced local variable
  DisplayObject.cpp
  Game.cpp
C:\Uni Modules\Year 4\Tools\ToolsProject\WOFFCEdit\Game.cpp(171,56): warning C4244: 'argument': conversion from 'int' to 'float', possible loss of data
C:\Uni Modules\Year 4\Tools\ToolsProject\WOFFCEdit\Game.cpp(171,47): warning C4244: 'argument': conversion from 'int' to 'float', possible loss of data
C:\Uni Modules\Year 4\Tools\ToolsProject\WOFFCEdit\Game.cpp(172,55): warning C4244: 'argument': conversion from 'int' to 'float', possible loss of data
C:\Uni Modules\Year 4\Tools\ToolsProject\WOFFCEdit\Game.cpp(172,46): warning C4244: 'argument': conversion from 'int' to 'float', possible loss of data
C:\Uni Modules\Year 4\Tools\ToolsProject\WOFFCEdit\Game.cpp(183,196): warning C4244: 'argument': conversion from 'double' to 'float', possible loss of data
C:\Uni Modules\Year 4\Tools\ToolsProject\WOFFCEdit\Game.cpp(183,147): warning C4244: 'argument': conversion from 'double' to 'float', possible loss of data
C:\Uni Modules\Year 4\Tools\ToolsProject\WOFFCEdit\Game.cpp(183,98): warning C4244: 'argument': conversion from 'double' to 'float', possible loss of data
C:\Uni Modules\Year 4\Tools\ToolsProject\WOFFCEdit\Game.cpp(190,111): warning C4244: 'argument': conversion from 'LONG' to 'float', possible loss of data
C:\Uni Modules\Year 4\Tools\ToolsProject\WOFFCEdit\Game.cpp(190,85): warning C4244: 'argument': conversion from 'LONG' to 'float', possible loss of data
C:\Uni Modules\Year 4\Tools\ToolsProject\WOFFCEdit\Game.cpp(191,109): warning C4244: 'argument': conversion from 'LONG' to 'float', possible loss of data
C:\Uni Modules\Year 4\Tools\ToolsProject\WOFFCEdit\Game.cpp(191,83): warning C4244: 'argument': conversion from 'LONG' to 'float', possible loss of data
C:\Uni Modules\Year 4\Tools\ToolsProject\WOFFCEdit\Game.cpp(294,45): warning C4267: 'initializing': conversion from 'size_t' to 'int', possible loss of data
C:\Uni Modules\Year 4\Tools\ToolsProject\WOFFCEdit\Game.cpp(304,57): warning C4244: 'argument': conversion from 'double' to 'float', possible loss of data
C:\Uni Modules\Year 4\Tools\ToolsProject\WOFFCEdit\Game.cpp(303,57): warning C4244: 'argument': conversion from 'double' to 'float', possible loss of data
C:\Uni Modules\Year 4\Tools\ToolsProject\WOFFCEdit\Game.cpp(302,97): warning C4244: 'argument': conversion from 'double' to 'float', possible loss of data
C:\Uni Modules\Year 4\Tools\ToolsProject\WOFFCEdit\Game.cpp(325,223): warning C4244: 'argument': conversion from 'double' to 'float', possible loss of data
C:\Uni Modules\Year 4\Tools\ToolsProject\WOFFCEdit\Game.cpp(325,165): warning C4244: 'argument': conversion from 'double' to 'float', possible loss of data
C:\Uni Modules\Year 4\Tools\ToolsProject\WOFFCEdit\Game.cpp(325,107): warning C4244: 'argument': conversion from 'double' to 'float', possible loss of data
C:\Uni Modules\Year 4\Tools\ToolsProject\WOFFCEdit\Game.cpp(288,10): warning C4101: 'Buffer': unreferenced local variable
C:\Uni Modules\Year 4\Tools\ToolsProject\WOFFCEdit\Game.cpp(474,37): warning C4267: 'initializing': conversion from 'size_t' to 'int', possible loss of data
  Main.cpp
  _WIN32_WINNT not defined. Defaulting to _WIN32_WINNT_MAXVER (see WinSDKVer.h)
  MFCFrame.cpp
  _WIN32_WINNT not defined. Defaulting to _WIN32_WINNT_MAXVER (see WinSDKVer.h)
  MFCRenderFrame.cpp
  _WIN32_WINNT not defined. Defaulting to _WIN32_WINNT_MAXVER (see WinSDKVer.h)
  MoveObjectCommand.cpp
  pch.cpp
  MFCMain.cpp
  _WIN32_WINNT not defined. Defaulting to _WIN32_WINNT_MAXVER (see WinSDKVer.h)
  SceneObject.cpp
  SelectDialogue.cpp
  _WIN32_WINNT not defined. Defaulting to _WIN32_WINNT_MAXVER (see WinSDKVer.h)
C:\Uni Modules\Year 4\Tools\ToolsProject\WOFFCEdit\SelectDialogue.cpp(41,44): warning C4267: 'initializing': conversion from 'size_t' to 'int', possible loss of data
  ToolMain.cpp
  _WIN32_WINNT not defined. Defaulting to _WIN32_WINNT_MAXVER (see WinSDKVer.h)
C:\Uni Modules\Year 4\Tools\ToolsProject\WOFFCEdit\ToolMain.cpp(92,46): warning C4244: '=': conversion from 'double' to 'float', possible loss of data
C:\Uni Modules\Year 4\Tools\ToolsProject\WOFFCEdit\ToolMain.cpp(93,46): warning C4244: '=': conversion from 'double' to 'float', possible loss of data
C:\Uni Modules\Year 4\Tools\ToolsProject\WOFFCEdit\ToolMain.cpp(94,46): warning C4244: '=': conversion from 'double' to 'float', possible loss of data
C:\Uni Modules\Year 4\Tools\ToolsProject\WOFFCEdit\ToolMain.cpp(95,46): warning C4244: '=': conversion from 'double' to 'float', possible loss of data
C:\Uni Modules\Year 4\Tools\ToolsProject\WOFFCEdit\ToolMain.cpp(96,46): warning C4244: '=': conversion from 'double' to 'float', possible loss of data
C:\Uni Modules\Year 4\Tools\ToolsProject\WOFFCEdit\ToolMain.cpp(97,46): warning C4244: '=': conversion from 'double' to 'float', possible loss of data
C:\Uni Modules\Year 4\Tools\ToolsProject\WOFFCEdit\ToolMain.cpp(98,46): warning C4244: '=': conversion from 'double' to 'float', possible loss of data
C:\Uni Modules\Year 4\Tools\ToolsProject\WOFFCEdit\ToolMain.cpp(99,46): warning C4244: '=': conversion from 'double' to 'float', possible loss of data
C:\Uni Modules\Year 4\Tools\ToolsProject\WOFFCEdit\ToolMain.cpp(100,46): warning C4244: '=': conversion from 'double' to 'float', possible loss of data
C:\Uni Modules\Year 4\Tools\ToolsProject\WOFFCEdit\ToolMain.cpp(112,48): warning C4244: '=': conversion from 'double' to 'float', possible loss of data
C:\Uni Modules\Year 4\Tools\ToolsProject\WOFFCEdit\ToolMain.cpp(113,48): warning C4244: '=': conversion from 'double' to 'float', possible loss of data
C:\Uni Modules\Year 4\Tools\ToolsProject\WOFFCEdit\ToolMain.cpp(114,48): warning C4244: '=': conversion from 'double' to 'float', possible loss of data
C:\Uni Modules\Year 4\Tools\ToolsProject\WOFFCEdit\ToolMain.cpp(118,48): warning C4244: '=': conversion from 'double' to 'float', possible loss of data
C:\Uni Modules\Year 4\Tools\ToolsProject\WOFFCEdit\ToolMain.cpp(119,47): warning C4244: '=': conversion from 'double' to 'float', possible loss of data
C:\Uni Modules\Year 4\Tools\ToolsProject\WOFFCEdit\ToolMain.cpp(120,42): warning C4244: '=': conversion from 'int' to 'float', possible loss of data
C:\Uni Modules\Year 4\Tools\ToolsProject\WOFFCEdit\ToolMain.cpp(124,50): warning C4244: '=': conversion from 'double' to 'int', possible loss of data
C:\Uni Modules\Year 4\Tools\ToolsProject\WOFFCEdit\ToolMain.cpp(125,50): warning C4244: '=': conversion from 'double' to 'int', possible loss of data
C:\Uni Modules\Year 4\Tools\ToolsProject\WOFFCEdit\ToolMain.cpp(135,57): warning C4244: '=': conversion from 'double' to 'float', possible loss of data
C:\Uni Modules\Year 4\Tools\ToolsProject\WOFFCEdit\ToolMain.cpp(136,57): warning C4244: '=': conversion from 'double' to 'float', possible loss of data
C:\Uni Modules\Year 4\Tools\ToolsProject\WOFFCEdit\ToolMain.cpp(137,57): warning C4244: '=': conversion from 'double' to 'float', possible loss of data
C:\Uni Modules\Year 4\Tools\ToolsProject\WOFFCEdit\ToolMain.cpp(138,58): warning C4244: '=': conversion from 'double' to 'float', possible loss of data
C:\Uni Modules\Year 4\Tools\ToolsProject\WOFFCEdit\ToolMain.cpp(139,58): warning C4244: '=': conversion from 'double' to 'float', possible loss of data
C:\Uni Modules\Year 4\Tools\ToolsProject\WOFFCEdit\ToolMain.cpp(140,58): warning C4244: '=': conversion from 'double' to 'float', possible loss of data
C:\Uni Modules\Year 4\Tools\ToolsProject\WOFFCEdit\ToolMain.cpp(141,59): warning C4244: '=': conversion from 'double' to 'float', possible loss of data
C:\Uni Modules\Year 4\Tools\ToolsProject\WOFFCEdit\ToolMain.cpp(142,56): warning C4244: '=': conversion from 'double' to 'float', possible loss of data
C:\Uni Modules\Year 4\Tools\ToolsProject\WOFFCEdit\ToolMain.cpp(143,54): warning C4244: '=': conversion from 'double' to 'float', possible loss of data
C:\Uni Modules\Year 4\Tools\ToolsProject\WOFFCEdit\ToolMain.cpp(144,57): warning C4244: '=': conversion from 'double' to 'float', possible loss of data
C:\Uni Modules\Year 4\Tools\ToolsProject\WOFFCEdit\ToolMain.cpp(204,38): warning C4267: 'initializing': conversion from 'size_t' to 'int', possible loss of data
  TransformDialogue.cpp
  _WIN32_WINNT not defined. Defaulting to _WIN32_WINNT_MAXVER (see WinSDKVer.h)
  Generating Code...
  sqlite3.c
C:\Uni Modules\Year 4\Tools\ToolsProject\WOFFCEdit\sqlite3.c(29695,7): warning C4996: 'GetVersionExW': was declared deprecated
  Win32SimpleSample.vcxproj -> C:\Uni Modules\Year 4\Tools\ToolsProject\WOFFCEdit\x64\Debug\WoFEdit.exe
